Ôľ▓ Next.js 16.1.6 (Turbopack)
- Environments: .env.local

  Creating an optimized production build ...
Ôťô Compiled successfully in 10.0s
  Running TypeScript ...
  Collecting page data using 7 workers ...
  Generating static pages using 7 workers (0/18) ...
  Generating static pages using 7 workers (4/18) 
  Generating static pages using 7 workers (8/18) 
  Generating static pages using 7 workers (13/18) 
Ôťô Generating static pages using 7 workers (18/18) in 1012.5ms
  Finalizing page optimization ...

Route (app)
Ôöî Ăĺ /
Ôöť Ăĺ /_not-found
Ôöť Ăĺ /[section]
Ôöť Ăĺ /[section]/[slug]
Ôöť Ăĺ /admin
Ôöť Ăĺ /admin/clanky
Ôöť Ăĺ /admin/clanky/[id]/upravit
Ôöť Ăĺ /admin/clanky/novy
Ôöť Ăĺ /admin/design
Ôöť Ăĺ /admin/sekce
Ôöť Ăĺ /admin/uzivatele
Ôöť Ăĺ /callback
Ôöť Ăĺ /clenove
Ôöť Ăĺ /clenove/clanky/[id]/upravit
Ôöť Ăĺ /clenove/dokumenty
Ôöť Ăĺ /clenove/profil
Ôöť Ăĺ /kontakt
Ôöť Ăĺ /login
Ôöť Ăĺ /logout
Ôöö Ăĺ /rezervace


Ăĺ Proxy (Middleware)

Ăĺ  (Dynamic)  server-rendered on demand

